// Jest Snapshot v1, https://goo.gl/fbAQLP

exports[`Button Test Button  1`] = `ShallowWrapper {}`;
